Archive member included to satisfy reference by file (symbol)

/usr/bin/../lib/gcc/arm-none-eabi/7.3.1/thumb/v7-m/libgcc.a(_aeabi_ldivmod.o)
                              rtos.o (__aeabi_ldivmod)
/usr/bin/../lib/gcc/arm-none-eabi/7.3.1/thumb/v7-m/libgcc.a(_aeabi_uldivmod.o)
                              rtos.o (__aeabi_uldivmod)
/usr/bin/../lib/gcc/arm-none-eabi/7.3.1/thumb/v7-m/libgcc.a(_udivmoddi4.o)
                              /usr/bin/../lib/gcc/arm-none-eabi/7.3.1/thumb/v7-m/libgcc.a(_aeabi_ldivmod.o) (__udivmoddi4)
/usr/bin/../lib/gcc/arm-none-eabi/7.3.1/thumb/v7-m/libgcc.a(_dvmd_tls.o)
                              /usr/bin/../lib/gcc/arm-none-eabi/7.3.1/thumb/v7-m/libgcc.a(_aeabi_ldivmod.o) (__aeabi_ldiv0)

Allocating common symbols
Common symbol       size              file

__dso_handle        0x4               bmptk_cortex.o

Discarded input sections

 .data          0x0000000000000000        0x0 switch_to.o
 .bss           0x0000000000000000        0x0 switch_to.o
 .group         0x0000000000000000        0xc coroutine.o
 .text          0x0000000000000000        0x0 coroutine.o
 .data          0x0000000000000000        0x0 coroutine.o
 .bss           0x0000000000000000        0x0 coroutine.o
 .text._ZN3due11ad_pin_infoENS_7ad_pinsE
                0x0000000000000000       0x1c coroutine.o
 .text._ZN3due11ad_seq_infoEm
                0x0000000000000000       0x20 coroutine.o
 .text._ZN5hwlib19uart_char_availableEv
                0x0000000000000000        0x4 coroutine.o
 .text._ZN5hwlib9uart_getcEv
                0x0000000000000000        0x4 coroutine.o
 .rodata._ZZN3due11ad_pin_infoENS_7ad_pinsEE17ad_pin_info_array
                0x0000000000000000        0xc coroutine.o
 .rodata._ZZN3due11ad_seq_infoEmE12ad_seq_array
                0x0000000000000000       0x70 coroutine.o
 .group         0x0000000000000000        0x8 rtos.o
 .group         0x0000000000000000        0x8 rtos.o
 .group         0x0000000000000000        0xc rtos.o
 .group         0x0000000000000000        0xc rtos.o
 .group         0x0000000000000000        0xc rtos.o
 .group         0x0000000000000000        0xc rtos.o
 .group         0x0000000000000000        0xc rtos.o
 .group         0x0000000000000000        0xc rtos.o
 .group         0x0000000000000000        0xc rtos.o
 .group         0x0000000000000000        0xc rtos.o
 .group         0x0000000000000000        0xc rtos.o
 .group         0x0000000000000000        0xc rtos.o
 .group         0x0000000000000000        0xc rtos.o
 .group         0x0000000000000000        0xc rtos.o
 .text          0x0000000000000000        0x0 rtos.o
 .data          0x0000000000000000        0x0 rtos.o
 .bss           0x0000000000000000        0x0 rtos.o
 .text._ZN6sam3xa10SystemInitEv
                0x0000000000000000       0x7c rtos.o
 .text._ZN3due8pin_infoENS_4pinsE
                0x0000000000000000       0x20 rtos.o
 .text._ZN3due11ad_pin_infoENS_7ad_pinsE
                0x0000000000000000       0x1c rtos.o
 .text._ZN3due11ad_seq_infoEm
                0x0000000000000000       0x20 rtos.o
 .text._ZN3due14port_registersEm
                0x0000000000000000       0x54 rtos.o
 .text._ZN3due12ticks_per_usEv
                0x0000000000000000        0x6 rtos.o
 .text._ZN3due9now_ticksEv
                0x0000000000000000       0x80 rtos.o
 .text._ZN5hwlib9uart_putcEc
                0x0000000000000000        0x4 rtos.o
 .text._ZN5hwlib19uart_char_availableEv
                0x0000000000000000        0x4 rtos.o
 .text._ZN5hwlib9uart_getcEv
                0x0000000000000000        0x4 rtos.o
 .text._ZNK4rtos5eventeqERKS0_
                0x0000000000000000       0x3c rtos.o
 .text._ZNK4rtos5eventneERKS0_
                0x0000000000000000       0x3c rtos.o
 .text._ZNK4rtos5eventeqERKNS_8waitableE
                0x0000000000000000       0x1c rtos.o
 .text._ZNK4rtos5eventneERKNS_8waitableE
                0x0000000000000000       0x1c rtos.o
 .text._ZNK4rtos5event5printERN5hwlib7ostreamE
                0x0000000000000000       0x30 rtos.o
 .text._ZN4rtos5timer5startEm
                0x0000000000000000        0xe rtos.o
 .text._ZN4rtos5clock7time_upEv
                0x0000000000000000       0x38 rtos.o
 .text._ZThn16_N4rtos5clock7time_upEv
                0x0000000000000000        0x8 rtos.o
 .text._ZN4rtos4flag3setEv
                0x0000000000000000       0x10 rtos.o
 .text._ZN4rtos5clock5clearEv
                0x0000000000000000        0x8 rtos.o
 .text._ZN4rtos5mutex4waitEv
                0x0000000000000000       0x30 rtos.o
 .text._ZN4rtos5mutex6signalEv
                0x0000000000000000       0x50 rtos.o
 .text._ZN4rtos5mutexD2Ev
                0x0000000000000000       0x28 rtos.o
 .text._ZlsRN5hwlib7ostreamERKN4rtos9task_baseE
                0x0000000000000000       0x12 rtos.o
 .text._ZlsRN5hwlib7ostreamERKN4rtos4flagE
                0x0000000000000000       0x12 rtos.o
 .text._ZlsRN5hwlib7ostreamERKN4rtos5eventE
                0x0000000000000000       0x10 rtos.o
[...]
Memory Configuration

Name             Origin             Length             Attributes
rom              0x0000000000000000 0x0000000000080000 xr
ram              0x0000000020000000 0x0000000000018000 xrw
nul              0x0000000020018000 0x0000000000000000 xrw
*default*        0x0000000000000000 0xffffffffffffffff

Linker script and memory map

LOAD /usr/bin/../lib/gcc/arm-none-eabi/7.3.1/thumb/v7-m/libgcc.a
LOAD switch_to.o
LOAD coroutine.o
LOAD rtos.o
LOAD hwlib.o
LOAD main.o
LOAD bmptk_cortex.o
LOAD bmptk_heap_bmptk.o
LOAD bmptk_fixed_size_stack.o
LOAD /usr/bin/../lib/gcc/arm-none-eabi/7.3.1/../../../../arm-none-eabi/lib/thumb/v7-m/libm.a
LOAD /usr/bin/../lib/gcc/arm-none-eabi/7.3.1/thumb/v7-m/libgcc.a
LOAD /usr/bin/../lib/gcc/arm-none-eabi/7.3.1/../../../../arm-none-eabi/lib/thumb/v7-m/libc.a
                0x0000000000000000                __rom_start = ORIGIN (rom)
                0x0000000000080000                __rom_size = LENGTH (rom)
                0x0000000000080000                __rom_end = (__rom_start + __rom_size)
                0x0000000020000000                __ram_start = ORIGIN (ram)
                0x0000000000018000                __ram_size = LENGTH (ram)
                0x0000000020018000                __ram_end = (__ram_start + __ram_size)
                [!provide]                        PROVIDE (__rom_start = __rom_start)
                [!provide]                        PROVIDE (__rom_size = __rom_size)
                [!provide]                        PROVIDE (__rom_end = __rom_end)
                [!provide]                        PROVIDE (__ram_start = __ram_start)
                [!provide]                        PROVIDE (__ram_size = __ram_size)
                [!provide]                        PROVIDE (__ram_end = __ram_end)

.text           0x0000000000000000     0x3618
                0x0000000000000000                . = ALIGN (0x4)
                0x0000000000000000                __text_start = .
                [!provide]                        PROVIDE (__text_start = __text_start)
                0x0000000000000000                . = ALIGN (0x4)
 *(.vectors)
 .vectors       0x0000000000000000       0x20 bmptk_cortex.o
                0x0000000000000000                __vectors
                0x0000000000000020                . = ALIGN (0x4)
 *(.text .text.* .gnu.linkonce.t.*)
 .text          0x0000000000000020       0x24 switch_to.o
                0x0000000000000020                switch_from_to
 .text._ZN6sam3xa10SystemInitEv
                0x0000000000000044       0x7c coroutine.o
                0x0000000000000044                sam3xa::SystemInit()
 .text._ZN3due8pin_infoENS_4pinsE
                0x00000000000000c0       0x20 coroutine.o
                0x00000000000000c0                due::pin_info(due::pins)
 .text._ZN3due14port_registersEm
                0x00000000000000e0       0x54 coroutine.o
                0x00000000000000e0                due::port_registers(unsigned long)
 .text._ZN3due12ticks_per_usEv
                0x0000000000000134        0x6 coroutine.o
                0x0000000000000134                due::ticks_per_us()
 *fill*         0x000000000000013a        0x2 
 .text._ZN3due9now_ticksEv
                0x000000000000013c       0x80 coroutine.o
                0x000000000000013c                due::now_ticks()
 .text._ZN5hwlib9uart_putcEc
                0x00000000000001bc        0x4 coroutine.o
                0x00000000000001bc                hwlib::uart_putc(char)
 .text._ZN4rtos8callback6cancelEv
                0x00000000000001c0        0xa rtos.o
                0x00000000000001c0                rtos::callback::cancel()
 .text._ZN5hwlib7ostream7reverse10add_prefixERKS0_.part.2
                0x00000000000001ca       0x4c rtos.o
 .text._ZN5hwlib7ostreamlsEc
                0x0000000000000216        0xe rtos.o
                0x0000000000000216                hwlib::ostream::operator<<(char)
 .text._ZN5hwliblsERNS_7ostreamEPKc
                0x0000000000000224       0x66 rtos.o
                0x0000000000000224                hwlib::operator<<(hwlib::ostream&, char const*)
 .text._ZN5hwliblsERNS_7ostreamEi
                0x000000000000028a       0x92 rtos.o
                0x000000000000028a                hwlib::operator<<(hwlib::ostream&, int)
 .text._ZN5hwliblsERNS_7ostreamEx
                0x000000000000031c       0xc4 rtos.o
                0x000000000000031c                hwlib::operator<<(hwlib::ostream&, long long)
 .text._ZN5hwliblsERNS_7ostreamEj
                0x00000000000003e0        0xc rtos.o
                0x00000000000003e0                hwlib::operator<<(hwlib::ostream&, unsigned int)
 .text._Z6strlenPKc
                0x00000000000003ec       0x10 rtos.o
                0x00000000000003ec                strlen(char const*)
 .text._Z6strcpyPcPKc
                0x00000000000003fc       0x14 rtos.o
                0x00000000000003fc                strcpy(char*, char const*)
 .text._Z15string_allocatePKc
                0x0000000000000410       0x26 rtos.o
                0x0000000000000410                string_allocate(char const*)
 .text._Z12nr_from_maskj
                0x0000000000000436       0x1a rtos.o
                0x0000000000000436                nr_from_mask(unsigned int)
 .text._Z15task_trampolinev
                0x0000000000000450       0x34 rtos.o
                0x0000000000000450                task_trampoline()
 .text._ZN4rtos9task_base7releaseEv
                0x0000000000000484       0x24 rtos.o
                0x0000000000000484                rtos::task_base::release()
 .text._ZN4rtos9task_base7suspendEv
                0x00000000000004a8        0x8 rtos.o
                0x00000000000004a8                rtos::task_base::suspend()
 .text._ZN4rtos9task_base6resumeEv
                0x00000000000004b0        0x8 rtos.o
                0x00000000000004b0                rtos::task_base::resume()
 .text._ZN4rtos9task_base7unblockEv
                0x00000000000004b8       0x14 rtos.o
                0x00000000000004b8                rtos::task_base::unblock()
 .text._ZN4rtos9task_base5blockEv
                0x00000000000004cc       0x70 rtos.o
                0x00000000000004cc                rtos::task_base::block()
 .text._ZNK4rtos9task_base5printERN5hwlib7ostreamEb
                0x000000000000053c      0x154 rtos.o
                0x000000000000053c                rtos::task_base::print(hwlib::ostream&, bool) const
 .text._ZNK4rtos5eventplERKS0_
                0x0000000000000690       0x3c rtos.o
                0x0000000000000690                rtos::event::operator+(rtos::event const&) const
 .text._ZNK4rtos4flag5printERN5hwlib7ostreamEb
                0x00000000000006cc       0xcc rtos.o
                0x00000000000006cc                rtos::flag::print(hwlib::ostream&, bool) const
 .text._ZN4rtos5timer3setEm
                0x0000000000000798        0xe rtos.o
                0x0000000000000798                rtos::timer::set(unsigned long)
 *fill*         0x00000000000007a6        0x2 
 .text._ZNK4rtos5timer5printERN5hwlib7ostreamEb
                0x00000000000007a8       0xd0 rtos.o
                0x00000000000007a8                rtos::timer::print(hwlib::ostream&, bool) const
 .text._ZNK4rtos5clock5printERN5hwlib7ostreamEb
                0x0000000000000878       0xd4 rtos.o
                0x0000000000000878                rtos::clock::print(hwlib::ostream&, bool) const
 .text._ZN4rtos12waitable_set17waitable_allocateEv
                0x000000000000094c       0x38 rtos.o
                0x000000000000094c                rtos::waitable_set::waitable_allocate()
 .text._ZN4rtos8waitableC2EPNS_9task_baseEPKc
                0x0000000000000984       0x2c rtos.o
                0x0000000000000984                rtos::waitable::waitable(rtos::task_base*, char const*)
                0x0000000000000984                rtos::waitable::waitable(rtos::task_base*, char const*)
 .text._ZN4rtos12waitable_set3setERKNS_8waitableE
                0x00000000000009b0       0x14 rtos.o
                0x00000000000009b0                rtos::waitable_set::set(rtos::waitable const&)
 .text._ZN4rtos5timer7time_upEv
                0x00000000000009c4       0x10 rtos.o
                0x00000000000009c4                rtos::timer::time_up()
                0x00000000000009ce                non-virtual thunk to rtos::timer::time_up()
 .text._ZN4rtos12waitable_set5clearERKNS_8waitableE
                0x00000000000009d4        0xc rtos.o
                0x00000000000009d4                rtos::waitable_set::clear(rtos::waitable const&)
 .text._ZN4rtos8waitable5clearEv
                0x00000000000009e0        0xa rtos.o
                0x00000000000009e0                rtos::waitable::clear()
 .text._ZN4rtos5timer6cancelEv
                0x00000000000009ea       0x16 rtos.o
                0x00000000000009ea                rtos::timer::cancel()
 .text._ZThn16_N4rtos5timer6cancelEv
                0x0000000000000a00        0x8 rtos.o
                0x0000000000000a00                non-virtual thunk to rtos::timer::cancel()
 .text._ZN4rtos12waitable_set4waitEj
                0x0000000000000a08       0x64 rtos.o
                0x0000000000000a08                rtos::waitable_set::wait(unsigned int)
 .text._ZNK4rtos5mutex5printERN5hwlib7ostreamEb
                0x0000000000000a6c       0xec rtos.o
                0x0000000000000a6c                rtos::mutex::print(hwlib::ostream&, bool) const
 .text._ZNK4rtos12channel_base5printERN5hwlib7ostreamEb
                0x0000000000000b58       0xe0 rtos.o
                0x0000000000000b58                rtos::channel_base::print(hwlib::ostream&, bool) const
 .text._ZNK4rtos9pool_base5printERN5hwlib7ostreamEb
                0x0000000000000c38       0x78 rtos.o
                0x0000000000000c38                rtos::pool_base::print(hwlib::ostream&, bool) const
 .text._ZNK4rtos12mailbox_base5printERN5hwlib7ostreamEb
                0x0000000000000cb0       0xc4 rtos.o
                0x0000000000000cb0                rtos::mailbox_base::print(hwlib::ostream&, bool) const
 .text._ZN4rtos3addEPNS_5timerE
                0x0000000000000d74       0x10 rtos.o
                0x0000000000000d74                rtos::add(rtos::timer*)
 .text._ZN4rtos3addEPNS_12channel_baseE
                0x0000000000000d84       0x10 rtos.o
                0x0000000000000d84                rtos::add(rtos::channel_base*)
 .text._ZN4rtos12channel_baseC2EPNS_9task_baseEPKc
                0x0000000000000d94       0x30 rtos.o
                0x0000000000000d94                rtos::channel_base::channel_base(rtos::task_base*, char const*)
                0x0000000000000d94                rtos::channel_base::channel_base(rtos::task_base*, char const*)
 .text._ZN4rtos5printERN5hwlib7ostreamE
                0x0000000000000dc4      0x1b4 rtos.o
                0x0000000000000dc4                rtos::print(hwlib::ostream&)
 .text._ZN4rtos4beatEv
                0x0000000000000f78      0x148 rtos.o
                0x0000000000000f78                rtos::beat()
 .text._ZN4rtos3runEv
                0x00000000000010c0       0x20 rtos.o
                0x00000000000010c0                rtos::run()
 .text._ZN4rtos3addEPNS_8callbackE
                0x00000000000010e0       0x10 rtos.o
                0x00000000000010e0                rtos::add(rtos::callback*)
 .text._ZN4rtos8callbackC2EPKc
                0x00000000000010f0       0x28 rtos.o
                0x00000000000010f0                rtos::callback::callback(char const*)
                0x00000000000010f0                rtos::callback::callback(char const*)
 .text._ZN4rtos5timerC2EPNS_9task_baseEPKc
                0x0000000000001118       0x34 rtos.o
                0x0000000000001118                rtos::timer::timer(rtos::task_base*, char const*)
                0x0000000000001118                rtos::timer::timer(rtos::task_base*, char const*)
 .text._ZN4rtos3addEPNS_9task_baseE
                0x000000000000114c       0x74 rtos.o
                0x000000000000114c                rtos::add(rtos::task_base*)
 .text._ZN4rtos9task_baseC2ER9coroutineILl0EEjPKc
                0x00000000000011c0       0x4c rtos.o
                0x00000000000011c0                rtos::task_base::task_base(coroutine<0l>&, unsigned int, char const*)
                0x00000000000011c0                rtos::task_base::task_base(coroutine<0l>&, unsigned int, char const*)
 .text._ZN5hwlib7wait_usEi
                0x000000000000120c       0x3c rtos.o
                0x000000000000120c                hwlib::wait_us(int)
 .text._ZN5hwlib7wait_msEi
                0x0000000000001248       0x16 rtos.o
                0x0000000000001248                hwlib::wait_ms(int)
 .text._ZN5hwlib20cout_using_uart_putc5flushEv
                0x000000000000125e        0x2 hwlib.o
                0x000000000000125e                hwlib::cout_using_uart_putc::flush()
 .text._ZNK5hwlib9image_8x819read_implementationENS_2xyE
                0x0000000000001260       0x44 hwlib.o
                0x0000000000001260                hwlib::image_8x8::read_implementation(hwlib::xy) const
 .text._ZN5hwlib6window20clear_implementationENS_5colorE
                0x00000000000012a4       0x72 hwlib.o
                0x00000000000012a4                hwlib::window::clear_implementation(hwlib::color)
 .text._ZN5hwlib6window5clearENS_5colorE
                0x0000000000001316       0x56 hwlib.o
                0x0000000000001316                hwlib::window::clear(hwlib::color)
 .text._ZN5hwlib5panicEPKcj
                0x000000000000136c        0x2 hwlib.o
                0x000000000000136c                hwlib::panic(char const*, unsigned int)
 *fill*         0x000000000000136e        0x2 
 .text._ZN5hwlib10background18do_background_workEv
                0x0000000000001370       0x3c hwlib.o
                0x0000000000001370                hwlib::background::do_background_work()
 .text._ZN5hwlib3allENS_2xyE
                0x00000000000013ac       0x16 hwlib.o
                0x00000000000013ac                hwlib::all(hwlib::xy)
 .text._ZNK5hwlib5colorngEv
                0x00000000000013c2       0x2e hwlib.o
                0x00000000000013c2                hwlib::color::operator-() const
 .text._ZNK5hwlib5image4readENS_2xyE
                0x00000000000013f0       0x3a hwlib.o
                0x00000000000013f0                hwlib::image::read(hwlib::xy) const
 .text._ZNK5hwlib14image_invert_t19read_implementationENS_2xyE
                0x000000000000142a       0x64 hwlib.o
                0x000000000000142a                hwlib::image_invert_t::read_implementation(hwlib::xy) const
 *fill*         0x000000000000148e        0x2 
 .text._ZN5hwlib6invertERKNS_5imageE
                0x0000000000001490       0x18 hwlib.o
                0x0000000000001490                hwlib::invert(hwlib::image const&)
 .text._ZN3due9uart_initEv
                0x00000000000014a8       0x60 hwlib.o
                0x00000000000014a8                due::uart_init()
 .text._ZN3due9uart_putcEc
                0x0000000000001508       0x20 hwlib.o
                0x0000000000001508                due::uart_putc(char)
 .text._ZN5hwlib20cout_using_uart_putc4putcEc
                0x0000000000001528        0xa hwlib.o
                0x0000000000001528                hwlib::cout_using_uart_putc::putc(char)
 .text._ZN5hwlib6now_usEv
                0x0000000000001532       0x1c hwlib.o
                0x0000000000001532                hwlib::now_us()
 .text._ZN5hwlib12wait_us_busyEi
                0x000000000000154e       0x1c hwlib.o
                0x000000000000154e                hwlib::wait_us_busy(int)
 .text._ZN5hwlib8terminal10cursor_setENS_2xyE
                0x000000000000156a       0x28 main.o
                0x000000000000156a                hwlib::terminal::cursor_set(hwlib::xy)
 .text._ZN5hwlib14i2c_primitives8read_ackEv
                0x0000000000001592       0x10 main.o
                0x0000000000001592                hwlib::i2c_primitives::read_ack()
 .text._ZN5hwlib14i2c_primitives9write_ackEv
                0x00000000000015a2        0x8 main.o
                0x00000000000015a2                hwlib::i2c_primitives::write_ack()
 .text._ZN5hwlib14i2c_primitives10write_nackEv
                0x00000000000015aa        0x8 main.o
                0x00000000000015aa                hwlib::i2c_primitives::write_nack()
 .text._ZN5hwlib14i2c_primitives5writeEh
                0x00000000000015b2       0x1c main.o
                0x00000000000015b2                hwlib::i2c_primitives::write(unsigned char)
 .text._ZN5hwlib14i2c_primitives5writeEPKhj
                0x00000000000015ce       0x24 main.o
                0x00000000000015ce                hwlib::i2c_primitives::write(unsigned char const*, unsigned int)
 .text._ZN5hwlib14i2c_primitives9read_byteEv
                0x00000000000015f2       0x20 main.o
                0x00000000000015f2                hwlib::i2c_primitives::read_byte()
 .text._ZN5hwlib14i2c_primitives4readEbPhj
                0x0000000000001612       0x36 main.o
                0x0000000000001612                hwlib::i2c_primitives::read(bool, unsigned char*, unsigned int)
 .text._ZN5hwlib13terminal_from25cursor_set_implementationENS_2xyE
                0x0000000000001648       0x28 main.o
                0x0000000000001648                hwlib::terminal_from::cursor_set_implementation(hwlib::xy)
 .text._ZN5hwlib13terminal_from5clearEv
                0x0000000000001670       0x30 main.o
                0x0000000000001670                hwlib::terminal_from::clear()
 .text._ZN5hwlib13terminal_from5flushEv
                0x00000000000016a0        0x8 main.o
                0x00000000000016a0                hwlib::terminal_from::flush()
 .text._ZNK5hwlib16font_default_8x8ixEc
                0x00000000000016a8       0x14 main.o
                0x00000000000016a8                hwlib::font_default_8x8::operator[](char) const
 .text._ZN5hwlib29glcd_oled_i2c_128x64_buffered20write_implementationENS_2xyENS_5colorE
                0x00000000000016bc       0x64 main.o
                0x00000000000016bc                hwlib::glcd_oled_i2c_128x64_buffered::write_implementation(hwlib::xy, hwlib::color)
 .text._ZN3due6pin_in4readEv
                0x0000000000001720       0x10 main.o
                0x0000000000001720                due::pin_in::read()
 .text._ZN3due6pin_in7refreshEv
                0x0000000000001730        0x2 main.o
                0x0000000000001730                due::pin_in::refresh()
 .text._ZN3due7pin_out5writeEb
                0x0000000000001732        0xe main.o
                0x0000000000001732                due::pin_out::write(bool)
 .text._ZN3due7pin_out5flushEv
                0x0000000000001740        0x2 main.o
                0x0000000000001740                due::pin_out::flush()
 .text._ZN3due6pin_oc4readEv
                0x0000000000001742       0x10 main.o
                0x0000000000001742                due::pin_oc::read()
 .text._ZN3due6pin_oc5writeEb
                0x0000000000001752       0x10 main.o
                0x0000000000001752                due::pin_oc::write(bool)
 .text._ZN3due6pin_oc5flushEv
                0x0000000000001762        0x2 main.o
                0x0000000000001762                due::pin_oc::flush()
 .text._ZN3due6pin_oc7refreshEv
                0x0000000000001764        0x2 main.o
                0x0000000000001764                due::pin_oc::refresh()
 .text._ZN4rtos7channelIN10msg_logger5inputELi2EE5clearEv
                0x0000000000001766       0x10 main.o
                0x0000000000001766                rtos::channel<msg_logger::input, 2>::clear()
 .text._ZN4rtos7channelIiLi32EE5clearEv
                0x0000000000001776       0x10 main.o
                0x0000000000001776                rtos::channel<int, 32>::clear()
 .text._ZN5hwlib8terminal4putcEc
                0x0000000000001786       0xde main.o
                0x0000000000001786                hwlib::terminal::putc(char)
 .text._ZN5hwlib26i2c_bus_bit_banged_scl_sda16wait_half_periodEv.isra.9
                0x0000000000001864        0x6 main.o
 .text._ZN5hwlib26i2c_bus_bit_banged_scl_sda10write_stopEv
                0x000000000000186a       0x60 main.o
                0x000000000000186a                hwlib::i2c_bus_bit_banged_scl_sda::write_stop()
 .text._ZN5hwlib26i2c_bus_bit_banged_scl_sda11write_startEv
                0x00000000000018ca       0x34 main.o
                0x00000000000018ca                hwlib::i2c_bus_bit_banged_scl_sda::write_start()
 .text._ZN5hwlib26i2c_bus_bit_banged_scl_sda8read_bitEv
                0x00000000000018fe       0x68 main.o
                0x00000000000018fe                hwlib::i2c_bus_bit_banged_scl_sda::read_bit()
 .text._ZN5hwlib26i2c_bus_bit_banged_scl_sda9write_bitEb
                0x0000000000001966       0x52 main.o
                0x0000000000001966                hwlib::i2c_bus_bit_banged_scl_sda::write_bit(bool)
 .text._ZN4rtos7channelIN10msg_logger5inputELi2EE4readEv.part.17
                0x00000000000019b8       0x28 main.o
 .text.startup._ZN11msg_decoder4mainEv
                0x00000000000019e0      0x14e main.o
                0x00000000000019e0                msg_decoder::main()
 *fill*         0x0000000000001b2e        0x2 
 .text.startup._ZN10msg_logger4mainEv
                0x0000000000001b30       0xcc main.o
                0x0000000000001b30                msg_logger::main()
 .text._ZN5hwlib21i2c_write_transactionC2ERNS_14i2c_primitivesEj
                0x0000000000001bfc       0x24 main.o
                0x0000000000001bfc                hwlib::i2c_write_transaction::i2c_write_transaction(hwlib::i2c_primitives&, unsigned int)
                0x0000000000001bfc                hwlib::i2c_write_transaction::i2c_write_transaction(hwlib::i2c_primitives&, unsigned int)
 .text._ZN5hwlib21i2c_write_transaction5writeEPKhj
                0x0000000000001c20        0x8 main.o
                0x0000000000001c20                hwlib::i2c_write_transaction::write(unsigned char const*, unsigned int)
 .text._ZN5hwlib21i2c_write_transactionD2Ev
                0x0000000000001c28       0x18 main.o
                0x0000000000001c28                hwlib::i2c_write_transaction::~i2c_write_transaction()
                0x0000000000001c28                hwlib::i2c_write_transaction::~i2c_write_transaction()
 .text._ZN5hwlib6window5writeENS_2xyERKNS_5imageE
                0x0000000000001c40       0xdc main.o
                0x0000000000001c40                hwlib::window::write(hwlib::xy, hwlib::image const&)
 .text._ZN5hwlib13terminal_from19putc_implementationEc
                0x0000000000001d1c       0x2e main.o
                0x0000000000001d1c                hwlib::terminal_from::putc_implementation(char)
 .text._ZN5hwlib11ssd1306_i2c7commandENS_16ssd1306_commandsEhh
                0x0000000000001d4a       0x3c main.o
                0x0000000000001d4a                hwlib::ssd1306_i2c::command(hwlib::ssd1306_commands, unsigned char, unsigned char)
 .text._ZN5hwlib29glcd_oled_i2c_128x64_buffered5flushEv
                0x0000000000001d86       0x58 main.o
                0x0000000000001d86                hwlib::glcd_oled_i2c_128x64_buffered::flush()
 *fill*         0x0000000000001dde        0x2 
 .text._ZN3due7pin_outC2ENS_4pinsE
                0x0000000000001de0       0x34 main.o
                0x0000000000001de0                due::pin_out::pin_out(due::pins)
                0x0000000000001de0                due::pin_out::pin_out(due::pins)
 .text._ZN3due6pin_ocC2ENS_4pinsE
                0x0000000000001e14       0x34 main.o
                0x0000000000001e14                due::pin_oc::pin_oc(due::pins)
                0x0000000000001e14                due::pin_oc::pin_oc(due::pins)
 .text._ZN4rtos9task_baseD2Ev
                0x0000000000001e48       0x30 main.o
                0x0000000000001e48                rtos::task_base::~task_base()
                0x0000000000001e48                rtos::task_base::~task_base()
 .text._ZN4rtos4taskILi4096EEC2EPKc
                0x0000000000001e78       0x58 main.o
                0x0000000000001e78                rtos::task<4096>::task(char const*)
                0x0000000000001e78                rtos::task<4096>::task(char const*)
 .text.startup.main
                0x0000000000001ed0      0x238 main.o
                0x0000000000001ed0                main
 .text._ZN4rtos7channelIiLi32EE5writeEi
                0x0000000000002108       0x3c main.o
                0x0000000000002108                rtos::channel<int, 32>::write(int)
 .text.startup._ZN14pause_detector4mainEv
                0x0000000000002144       0xc6 main.o
                0x0000000000002144                pause_detector::main()
 *fill*         0x000000000000220a        0x2 
 .text.__startup
                0x000000000000220c       0x48 bmptk_cortex.o
                0x000000000000220c                __startup
 .text.__cxa_pure_virtual
                0x0000000000002254        0x2 bmptk_cortex.o
                0x0000000000002254                __cxa_pure_virtual
 *fill*         0x0000000000002256        0x2 
 .text.malloc   0x0000000000002258       0x24 bmptk_heap_bmptk.o
                0x0000000000002258                malloc
 .text          0x000000000000227c       0xa0 /usr/bin/../lib/gcc/arm-none-eabi/7.3.1/thumb/v7-m/libgcc.a(_aeabi_ldivmod.o)
                0x000000000000227c                __aeabi_ldivmod
 .text          0x000000000000231c       0x30 /usr/bin/../lib/gcc/arm-none-eabi/7.3.1/thumb/v7-m/libgcc.a(_aeabi_uldivmod.o)
                0x000000000000231c                __aeabi_uldivmod
 .text          0x000000000000234c      0x2d0 /usr/bin/../lib/gcc/arm-none-eabi/7.3.1/thumb/v7-m/libgcc.a(_udivmoddi4.o)
                0x000000000000234c                __udivmoddi4
 .text          0x000000000000261c        0x4 /usr/bin/../lib/gcc/arm-none-eabi/7.3.1/thumb/v7-m/libgcc.a(_dvmd_tls.o)
                0x000000000000261c                __aeabi_ldiv0
                0x0000000000002620                . = ALIGN (0x4)
 *(.glue_7t .glue_7)
 .glue_7        0x0000000000002620        0x0 linker stubs
 .glue_7t       0x0000000000002620        0x0 linker stubs
                0x0000000000002620                . = ALIGN (0x4)
 *(.rodata .rodata.* .gnu.linkonce.r.*)
 .rodata._ZN3due8pin_infoENS_4pinsE.str1.1
                0x0000000000002620       0x32 coroutine.o
 .rodata._ZZN3due8pin_infoENS_4pinsEE14pin_info_array
                0x0000000000002652       0xa4 coroutine.o
 *fill*         0x00000000000026f6        0x2 
 .rodata._ZTVN4rtos8waitableE
                0x00000000000026f8        0xc rtos.o
                0x00000000000026f8                vtable for rtos::waitable
 .rodata._ZTVN4rtos8callbackE
                0x0000000000002704       0x10 rtos.o
                0x0000000000002704                vtable for rtos::callback
 .rodata._ZTVN4rtos12channel_baseE
                0x0000000000002714        0xc rtos.o
                0x0000000000002714                vtable for rtos::channel_base
 .rodata._Z15task_trampolinev.str1.1
                0x0000000000002720       0x2e rtos.o
 .rodata._ZN4rtos12waitable_set17waitable_allocateEv.str1.1
                0x000000000000274e       0x1b rtos.o
 .rodata._ZN4rtos3addEPNS_9task_baseE.str1.1
                0x0000000000002769       0x2e rtos.o
 .rodata._ZN4rtos4beatEv.str1.1
                0x0000000000002797       0x3e rtos.o
 .rodata._ZN4rtos5printERN5hwlib7ostreamE.str1.1
                0x00000000000027d5       0x83 rtos.o
 .rodata._ZN4rtos9task_base5blockEv.str1.1
                0x0000000000002858       0x49 rtos.o
                                         0x4b (size before relaxing)
 .rodata._ZN4rtos9task_baseC2ER9coroutineILl0EEjPKc.str1.1
                0x00000000000028a1        0x8 rtos.o
 .rodata._ZNK4rtos12channel_base5printERN5hwlib7ostreamEb.str1.1
                0x00000000000028a9       0x23 rtos.o
 .rodata._ZNK4rtos12mailbox_base5printERN5hwlib7ostreamEb.str1.1
                0x00000000000028cc       0x1b rtos.o
 .rodata._ZNK4rtos4flag5printERN5hwlib7ostreamEb.str1.1
                0x00000000000028e7       0x1e rtos.o
 .rodata._ZNK4rtos5clock5printERN5hwlib7ostreamEb.str1.1
                0x0000000000002905       0x1d rtos.o
 .rodata._ZNK4rtos5eventplERKS0_.str1.1
                0x0000000000002922       0x1e rtos.o
 .rodata._ZNK4rtos5mutex5printERN5hwlib7ostreamEb.str1.1
                0x0000000000002940       0x29 rtos.o
 .rodata._ZNK4rtos5timer5printERN5hwlib7ostreamEb.str1.1
                0x0000000000002969       0x13 rtos.o
 .rodata._ZNK4rtos9pool_base5printERN5hwlib7ostreamEb.str1.1
                0x000000000000297c       0x10 rtos.o
 .rodata._ZNK4rtos9task_base5printERN5hwlib7ostreamEb.str1.1
                0x000000000000298c       0x39 rtos.o
 *fill*         0x00000000000029c5        0x3 
 .rodata._ZTVN4rtos5timerE
                0x00000000000029c8       0x24 rtos.o
                0x00000000000029c8                vtable for rtos::timer
 .rodata._ZTVN4rtos9task_baseE
                0x00000000000029ec       0x14 rtos.o
                0x00000000000029ec                vtable for rtos::task_base
 .rodata._ZTVN5hwlib20cout_using_uart_putcE
                0x0000000000002a00       0x10 hwlib.o
                0x0000000000002a00                vtable for hwlib::cout_using_uart_putc
 .rodata._ZTVN5hwlib9image_8x8E
                0x0000000000002a10        0xc hwlib.o
                0x0000000000002a10                vtable for hwlib::image_8x8
 .rodata._ZTVN5hwlib14image_invert_tE
                0x0000000000002a1c        0xc hwlib.o
                0x0000000000002a1c                vtable for hwlib::image_invert_t
 .rodata._ZN5hwlib16font_default_8x86imagesE
                0x0000000000002a28      0xa00 hwlib.o
                0x0000000000002a28                hwlib::font_default_8x8::images
 .rodata._ZN5hwlibL5blackE
                0x0000000000003428        0x4 hwlib.o
 .rodata._ZN5hwlibL5whiteE
                0x000000000000342c        0x4 hwlib.o
 .rodata._ZTVN5hwlib26i2c_bus_bit_banged_scl_sdaE
                0x0000000000003430       0x34 main.o
                0x0000000000003430                vtable for hwlib::i2c_bus_bit_banged_scl_sda
 .rodata._ZTVN5hwlib13terminal_fromE
                0x0000000000003464       0x20 main.o
                0x0000000000003464                vtable for hwlib::terminal_from
 .rodata._ZTVN5hwlib16font_default_8x8E
                0x0000000000003484        0xc main.o
                0x0000000000003484                vtable for hwlib::font_default_8x8
 .rodata._ZTVN5hwlib29glcd_oled_i2c_128x64_bufferedE
                0x0000000000003490       0x18 main.o
                0x0000000000003490                vtable for hwlib::glcd_oled_i2c_128x64_buffered
 .rodata._ZTVN3due6pin_inE
                0x00000000000034a8       0x10 main.o
                0x00000000000034a8                vtable for due::pin_in
 .rodata._ZTVN3due7pin_outE
                0x00000000000034b8       0x10 main.o
                0x00000000000034b8                vtable for due::pin_out
 .rodata._ZTVN3due6pin_ocE
                0x00000000000034c8       0x18 main.o
                0x00000000000034c8                vtable for due::pin_oc
 .rodata._ZTVN4rtos4taskILi4096EEE
                0x00000000000034e0       0x14 main.o
                0x00000000000034e0                vtable for rtos::task<4096>
 .rodata._ZTVN4rtos7channelIN10msg_logger5inputELi2EEE
                0x00000000000034f4        0xc main.o
                0x00000000000034f4                vtable for rtos::channel<msg_logger::input, 2>
 .rodata._ZTV10msg_logger
                0x0000000000003500       0x14 main.o
                0x0000000000003500                vtable for msg_logger
 .rodata._ZTVN4rtos7channelIiLi32EEE
                0x0000000000003514        0xc main.o
                0x0000000000003514                vtable for rtos::channel<int, 32>
 .rodata._ZTV11msg_decoder
                0x0000000000003520       0x14 main.o
                0x0000000000003520                vtable for msg_decoder
 .rodata._ZTV14pause_detector
                0x0000000000003534       0x14 main.o
                0x0000000000003534                vtable for pause_detector
 .rodata._ZN10msg_logger4mainEv.str1.1
                0x0000000000003548       0x25 main.o
 .rodata._ZN4rtos7channelIN10msg_logger5inputELi2EE4readEv.part.17.str1.1
                0x000000000000356d       0x20 main.o
                                         0x34 (size before relaxing)
 .rodata._ZN4rtos9task_baseD2Ev.str1.1
                0x000000000000358d       0x17 main.o
 .rodata._ZN5hwlibL11unspecifiedE
                0x00000000000035a4        0x4 main.o
 .rodata._ZN5hwlibL22ssd1306_initializationE
                0x00000000000035a8       0x29 main.o
 .rodata.main.str1.1
                0x00000000000035d1       0x46 main.o
                0x0000000000003618                . = ALIGN (0x4)
 *fill*         0x0000000000003617        0x1 
 *(.ARM.extab* .gnu.linkonce.armextab.*)
                0x0000000000003618                . = ALIGN (0x4)
 *(.gcc_except_table)
                0x0000000000003618                . = ALIGN (0x4)
 *(.eh_frame_hdr)
                0x0000000000003618                . = ALIGN (0x4)
 *(.eh_frame)
                0x0000000000003618                . = ALIGN (0x4)
                0x0000000000003618                __text_end = .
                [!provide]                        PROVIDE (__text_end = __text_end)

.vfp11_veneer   0x0000000000003618        0x0
 .vfp11_veneer  0x0000000000003618        0x0 linker stubs

.v4_bx          0x0000000000003618        0x0
 .v4_bx         0x0000000000003618        0x0 linker stubs

.iplt           0x0000000000003618        0x0
 .iplt          0x0000000000003618        0x0 coroutine.o

.IF_YOU_SEE_THIS_YOU_HAVE_ONE_OR_MORE_GLOBAL_OBJECT_CONSTRUCTORS
 *(.init)
 *(.preinit_array)
 *(SORT_BY_NAME(.init_array.*))
 *(.init_array)
                0x0000000000003618                . = ALIGN (0x4)
                0x0000000000003618                __exidx_start = .
                [!provide]                        PROVIDE (__exidx_start = __exidx_start)

.ARM.exidx      0x0000000000003618        0x8
 *(.ARM.exidx* .gnu.linkonce.armexidx.*)
 .ARM.exidx     0x0000000000003618        0x8 /usr/bin/../lib/gcc/arm-none-eabi/7.3.1/thumb/v7-m/libgcc.a(_udivmoddi4.o)

.rel.dyn        0x0000000000003620        0x0
 .rel.iplt      0x0000000000003620        0x0 coroutine.o
                0x0000000000003620                . = ALIGN (0x4)
                0x0000000000003620                __exidx_end = .
                [!provide]                        PROVIDE (__exidx_end = __exidx_end)

.bss            0x0000000020000000    0x1405c
                0x0000000020000000                . = ALIGN (0x4)
                0x0000000020000000                __stack_start = .
                [!provide]                        PROVIDE (__stack_start = __stack_start)
                0x0000000020000000                . = ALIGN (0x4)
 *(.bmptk_stack)
 .bmptk_stack   0x0000000020000000    0x14000 bmptk_fixed_size_stack.o
                0x0000000020000000                bmptk_stack
                0x0000000020014000                . = ALIGN (0x8)
                0x0000000020014000                __main_stack_end = .
                [!provide]                        PROVIDE (__main_stack_end = __main_stack_end)
                0x0000000020014000                . = ALIGN (0x4)
                0x0000000020014000                __stack_end = .
                [!provide]                        PROVIDE (__stack_end = __stack_end)
                0x0000000020014000                . = ALIGN (0x4)
                0x0000000020014000                __bss_start = .
                [!provide]                        PROVIDE (__bss_start = __bss_start)
                0x0000000020014000                . = ALIGN (0x4)
 *(.bss .bss.* .gnu.linkonce.b.*)
 .bss._ZN17coroutine_context7main_spE
                0x0000000020014000        0x4 coroutine.o
                0x0000000020014000                coroutine_context::main_sp
 *fill*         0x0000000020014004        0x4 
 .bss._ZZN3due9now_ticksEvE4high
                0x0000000020014008        0x8 coroutine.o
 .bss._ZZN3due9now_ticksEvE8last_low
                0x0000000020014010        0x4 coroutine.o
 .bss._ZZN3due9now_ticksEvE9init_done
                0x0000000020014014        0x1 coroutine.o
 .bss._ZN4rtos10must_clearE
                0x0000000020014015        0x1 rtos.o
                0x0000000020014015                rtos::must_clear
 *fill*         0x0000000020014016        0x2 
 .bss._ZN4rtos17rtos_current_taskE
                0x0000000020014018        0x4 rtos.o
                0x0000000020014018                rtos::rtos_current_task
 .bss._ZN4rtos17scheduler_runningE
                0x000000002001401c        0x1 rtos.o
                0x000000002001401c                rtos::scheduler_running
 *fill*         0x000000002001401d        0x3 
 .bss._ZN4rtos5flagsE
                0x0000000020014020        0x4 rtos.o
                0x0000000020014020                rtos::flags
 .bss._ZN4rtos5poolsE
                0x0000000020014024        0x4 rtos.o
                0x0000000020014024                rtos::pools
 .bss._ZN4rtos6clocksE
                0x0000000020014028        0x4 rtos.o
                0x0000000020014028                rtos::clocks
 .bss._ZN4rtos6timersE
                0x000000002001402c        0x4 rtos.o
                0x000000002001402c                rtos::timers
 .bss._ZN4rtos7mutexesE
                0x0000000020014030        0x4 rtos.o
                0x0000000020014030                rtos::mutexes
 .bss._ZN4rtos8channelsE
                0x0000000020014034        0x4 rtos.o
                0x0000000020014034                rtos::channels
 .bss._ZN4rtos8taskListE
                0x0000000020014038        0x4 rtos.o
                0x0000000020014038                rtos::taskList
 .bss._ZN4rtos9mailboxesE
                0x000000002001403c        0x4 rtos.o
                0x000000002001403c                rtos::mailboxes
 .bss._ZN4rtos9timerListE
                0x0000000020014040        0x4 rtos.o
                0x0000000020014040                rtos::timerList
 *fill*         0x0000000020014044        0x4 
 .bss.last_run_time
                0x0000000020014048        0x8 rtos.o
                0x0000000020014048                last_run_time
 .bss._ZN5hwlib10background5firstE
                0x0000000020014050        0x4 hwlib.o
                0x0000000020014050                hwlib::background::first
 .bss._ZN5hwlib10background7currentE
                0x0000000020014054        0x4 hwlib.o
                0x0000000020014054                hwlib::background::current
 .bss._ZN5hwlib10background7runningE
                0x0000000020014058        0x1 hwlib.o
                0x0000000020014058                hwlib::background::running
 .bss._ZZN3due9uart_initEvE9init_done
                0x0000000020014059        0x1 hwlib.o
                0x000000002001405c                . = ALIGN (0x4)
 *fill*         0x000000002001405a        0x2 
 *(COMMON)
                0x000000002001405c                . = ALIGN (0x4)
                0x000000002001405c                __bss_end = .
                [!provide]                        PROVIDE (__bss_end = __bss_end)

.data           0x000000002001405c       0x28 load address 0x0000000000003620
                0x000000002001405c                . = ALIGN (0x4)
                0x0000000000003620                __data_init_start = LOADADDR (.data)
                [!provide]                        PROVIDE (__data_init_start = __data_init_start)
                0x000000002001405c                __data_start = .
                [!provide]                        PROVIDE (__data_start = __data_start)
                0x000000002001405c                . = ALIGN (0x4)
 *(.data .data.* .gnu.linkonce.d.*)
 .data._ZN17coroutine_context24current_coroutine_sp_ptrE
                0x000000002001405c        0x4 coroutine.o
                0x000000002001405c                coroutine_context::current_coroutine_sp_ptr
 .data._ZN6sam3xa15SystemCoreClockE
                0x0000000020014060        0x4 coroutine.o
                0x0000000020014060                sam3xa::SystemCoreClock
 .data._ZN3due7hw_uartE
                0x0000000020014064        0x4 hwlib.o
                0x0000000020014064                due::hw_uart
 .data._ZN5hwlib4coutE
                0x0000000020014068       0x14 hwlib.o
                0x0000000020014068                hwlib::cout
 .data._first_free
                0x000000002001407c        0x4 bmptk_heap_bmptk.o
                0x000000002001407c                _first_free
 .data._last_free
                0x0000000020014080        0x4 bmptk_heap_bmptk.o
                0x0000000020014080                _last_free
                0x0000000020014084                . = ALIGN (0x4)
                0x0000000020014084                __data_end = .
                [!provide]                        PROVIDE (__data_end = __data_end)
                0x0000000000003620                __data_init_end = LOADADDR (.data)
                [!provide]                        PROVIDE (__data_init_end = __data_init_end)
                [!provide]                        PROVIDE (__data_size = (__data_end - __data_start))
                [!provide]                        PROVIDE (__data_init_size = __data_size)
                [!provide]                        PROVIDE (__data_init_end = (__data_init_start + __data_init_size))

.igot.plt       0x0000000020014084        0x0 load address 0x0000000000003648
 .igot.plt      0x0000000020014084        0x0 coroutine.o
                0x0000000020014084                . = ALIGN (0x4)
                0x0000000020014084                __heap_start = .
                [!provide]                        PROVIDE (__heap_start = __heap_start)
                0x0000000020014084                . = ALIGN (0x4)
                0x0000000020018000                __heap_end = __ram_end
                [!provide]                        PROVIDE (__heap_end = __heap_end)

.stab
 *(.stab)

.stabstr
 *(.stabstr)

.debug
 *(.debug)

.line
 *(.line)

.debug_srcinfo
 *(.debug_srcinfo)

.debug_sfnames
 *(.debug_sfnames)

.debug_aranges
 *(.debug_aranges)

.debug_pubnames
 *(.debug_pubnames)

.debug_info
 *(.debug_info .gnu.linkonce.wi.*)

.debug_abbrev
 *(.debug_abbrev)

.debug_line
 *(.debug_line)

.debug_frame    0x0000000000000000       0xa4
 *(.debug_frame)
 .debug_frame   0x0000000000000000       0x44 /usr/bin/../lib/gcc/arm-none-eabi/7.3.1/thumb/v7-m/libgcc.a(_aeabi_ldivmod.o)
 .debug_frame   0x0000000000000044       0x2c /usr/bin/../lib/gcc/arm-none-eabi/7.3.1/thumb/v7-m/libgcc.a(_aeabi_uldivmod.o)
 .debug_frame   0x0000000000000070       0x34 /usr/bin/../lib/gcc/arm-none-eabi/7.3.1/thumb/v7-m/libgcc.a(_udivmoddi4.o)

.comment        0x0000000000000000       0x7f
 .comment       0x0000000000000000       0x7f coroutine.o
                                         0x80 (size before relaxing)
 .comment       0x000000000000007f       0x80 rtos.o
 .comment       0x000000000000007f       0x80 hwlib.o
 .comment       0x000000000000007f       0x80 main.o
 .comment       0x000000000000007f       0x80 bmptk_cortex.o
 .comment       0x000000000000007f       0x80 bmptk_heap_bmptk.o
 .comment       0x000000000000007f       0x80 bmptk_fixed_size_stack.o

.debug_str
 *(.debug_str)

.debug_loc
 *(.debug_loc)

.debug_macinfo
 *(.debug_macinfo)

.debug_weaknames
 *(.debug_weaknames)

.debug_funcnames
 *(.debug_funcnames)

.debug_typenames
 *(.debug_typenames)

.debug_varnames
 *(.debug_varnames)

.note.gnu.arm.ident
 *(.note.gnu.arm.ident)

.ARM.attributes
                0x0000000000000000       0x2f
 *(.ARM.attributes)
 .ARM.attributes
                0x0000000000000000       0x21 switch_to.o
 .ARM.attributes
                0x0000000000000021       0x33 coroutine.o
 .ARM.attributes
                0x0000000000000054       0x33 rtos.o
 .ARM.attributes
                0x0000000000000087       0x33 hwlib.o
 .ARM.attributes
                0x00000000000000ba       0x33 main.o
 .ARM.attributes
                0x00000000000000ed       0x33 bmptk_cortex.o
 .ARM.attributes
                0x0000000000000120       0x33 bmptk_heap_bmptk.o
 .ARM.attributes
                0x0000000000000153       0x33 bmptk_fixed_size_stack.o
 .ARM.attributes
                0x0000000000000186       0x1d /usr/bin/../lib/gcc/arm-none-eabi/7.3.1/thumb/v7-m/libgcc.a(_aeabi_ldivmod.o)
 .ARM.attributes
                0x00000000000001a3       0x1d /usr/bin/../lib/gcc/arm-none-eabi/7.3.1/thumb/v7-m/libgcc.a(_aeabi_uldivmod.o)
 .ARM.attributes
                0x00000000000001c0       0x2d /usr/bin/../lib/gcc/arm-none-eabi/7.3.1/thumb/v7-m/libgcc.a(_udivmoddi4.o)
 .ARM.attributes
                0x00000000000001ed       0x1d /usr/bin/../lib/gcc/arm-none-eabi/7.3.1/thumb/v7-m/libgcc.a(_dvmd_tls.o)

/DISCARD/
 *(.note.GNU-stack)
                [!provide]                        PROVIDE (__text_size = (__text_end - __text_start))
                [!provide]                        PROVIDE (__exidx_size = (__exidx_end - __exidx_start))
                [!provide]                        PROVIDE (__bss_size = (__bss_end - __bss_start))
                [!provide]                        PROVIDE (__stack_size = (__stack_end - __stack_start))
                [!provide]                        PROVIDE (__heap_size = (__heap_end - __heap_start))
OUTPUT(main.elf elf32-littlearm)
